// Jest Snapshot v1, https://goo.gl/fbAQLP

exports[`AppCode test    test 1 1`] = `
<div>
  <div
    className="css-k9zpn7"
  >
    <div
      className="css-fe7o1z"
    >
      <div
        className="css-1gyq8j6"
      >
        <img
          alt="back"
          height={32}
          onClick={[Function]}
          onDoubleClick={[Function]}
          src="iconback.svg"
          width={32}
        />
        <img
          alt="settingd"
          height={32}
          onClick={[Function]}
          onDoubleClick={[Function]}
          src="settings.svg"
          width={32}
        />
        <img
          alt="show english"
          className="css-99q92g"
          height={32}
          onClick={[Function]}
          onDoubleClick={[Function]}
          src="iconback_green.svg"
          width={32}
        />
        <div
          onClick={[Function]}
          onDoubleClick={[Function]}
        >
          <span>
            1/1
          </span>
          <span
            className="css-1i1g5ts"
          >
            (0)
          </span>
        </div>
        <img
          alt="forward"
          className="css-3ast03"
          height={32}
          onClick={[Function]}
          onDoubleClick={[Function]}
          src="iconback.svg"
          width={32}
        />
      </div>
    </div>
    <div
      className="css-l2ctzl"
    >
      <div
        className="css-1a6x0go"
      >
        <div
          className="css-je0r7t"
        >
          <div>
            Русский текст
          </div>
        </div>
      </div>
    </div>
    <div
      className="css-1eqbc97"
    >
      <div
        className="css-1a6x0go"
      >
        <div
          className="css-je0r7t"
        >
          <div
            className="css-1i1g5ts"
          />
        </div>
      </div>
    </div>
  </div>
</div>
`;
